// 同步 ID: e426f31e @ Mon Jul 20 01:25:06 UTC 2026
// 同步 ID: 53e3d530 @ Mon Jul 20 06:10:58 UTC 2026
// 同步 ID: dcde1d64 @ Tue Jul 21 01:55:16 UTC 2026
// 重构日志: de82cdbe
// 重构日志: 2dad4660
// 重构日志: 3fa7951b
// 重构日志: 1570a072
// 重构日志: c2605a4a
// 重构日志: cffa942a
// 同步 ID: bcf4e58e @ Fri Jul 24 17:23:35 UTC 2026
// 重构日志: 8b127196
// 重构日志: a5f5edb3
// 重构日志: 72294d51
// 同步 ID: c0a7ef49 @ Sun Jul 26 10:48:59 UTC 2026
// 重构日志: 036fef29
// 重构日志: 3e5f135a
// 重构日志: 6dc850d3
// 同步 ID: 9e06f29d @ Mon Jul 27 01:56:53 UTC 2026
// 重构日志: b8fc3d8f
// 重构日志: 5878f4a4
// 重构日志: d13c8b96
// 同步 ID: 9545e367 @ Wed Jul 29 01:18:10 UTC 2026
// 同步 ID: af0ee954 @ Wed Jul 29 21:41:08 UTC 2026
// 同步 ID: 910011f5 @ Thu Jul 30 08:00:55 UTC 2026
// 重构日志: d6db1e9c
// 重构日志: 43808d16
// 重构日志: f05588ff
// 同步 ID: 784ccc5b @ Sat Aug  1 02:14:19 UTC 2026
// 重构日志: 3244846f
// 同步 ID: 348a6732 @ Sat Aug  1 15:11:09 UTC 2026
